
> mgwallet-nextjs@0.1.0 build
> next build

Γû▓ Next.js 16.2.2 (Turbopack)

  Creating an optimized production build ...
Γ£ô Compiled successfully in 8.7s
  Running TypeScript ...
node.exe : Failed to type check.
At line:1 char:1
+ & "C:\Program Files\nodejs/node.exe" "C:\Program Files\nodejs/node_mo ...
+ ~~~~~~~~~~~~~~~~~~~~~~~~~~~~~~~~~~~~~~~~~~~~~~~~~~~~~~~~~~~~~~~~~~~~~
    + CategoryInfo          : NotSpecified: (Failed to type check.:String) [], RemoteException
    + FullyQualifiedErrorId : NativeCommandError
 

./app/dashboard/settings/page.tsx:167:14
Type error: No overload matches this call.
  Overload 1 of 2, '(props: { component: ElementType<any, keyof IntrinsicElements>; } & ListItemOwnProps & CommonProps 
& Omit<any, "children" | ... 15 more ... | "secondaryAction">): Element | null', gave the following error.
    Property 'component' is missing in type '{ children: Element[]; button: true; onClick: () => void; sx: { py: 
number; }; }' but required in type '{ component: ElementType<any, keyof IntrinsicElements>; }'.
  Overload 2 of 2, '(props: DefaultComponentProps<ListItemTypeMap<{}, "li">>): Element | null', gave the following 
error.
    Type '{ children: Element[]; button: true; onClick: () => void; sx: { py: number; }; }' is not assignable to type 
'IntrinsicAttributes & ListItemOwnProps & CommonProps & Omit<DetailedHTMLProps<LiHTMLAttributes<HTMLLIElement>, 
HTMLLIElement>, "children" | ... 15 more ... | "secondaryAction">'.
      Property 'button' does not exist on type 'IntrinsicAttributes & ListItemOwnProps & CommonProps & 
Omit<DetailedHTMLProps<LiHTMLAttributes<HTMLLIElement>, HTMLLIElement>, "children" | ... 15 more ... | 
"secondaryAction">'.

  [90m165 |[0m         <[33mPaper[0m sx={{ borderRadius: [35m3[0m, mt: [35m1[0m, overflow: [32m'hidden'[0m 
}}>
  [90m166 |[0m           <[33mList[0m disablePadding>
[31m[1m>[0m [90m167 |[0m             <[33mListItem[0m 
  [90m    |[0m              [31m[1m^[0m
  [90m168 |[0m               button 
  [90m169 |[0m               onClick={() => { resetForm(); setChangePassDialogOpen([36mtrue[0m); }}
  [90m170 |[0m               sx={{ py: [35m2[0m }}
Next.js build worker exited with code: 1 and signal: null
